class C {
    void f()
    {
        if (true) {
            f(map.map.map.map.map.map.map.map.map.map.map.map.map.map.map.map
                    .map.map.map.map.map.map, __FILE__, __FILE__, __FILE__, __FILE__, __FILE__,
                __FILE__, __FILE__, __FILE__, __FILE__, __FILE__, __FILE__,
                __FILE__, __FILE__, __FILE__, __FILE__, __FILE__, __LINE__);
        }
    }
}
