class C {
    void f() {
        if (true) {
            f(
                array.map!(a => a.prop)
                    .array
                    .to!string,
                __FILE__,
                __LINE__);

            g(
                map &&
                    map,
                __FILE__,
                __LINE__);
            h(
                map ||
                    map,
                __FILE__,
                __LINE__);
            i(
                map
                    + map,
                __FILE__,
                __LINE__);
        }
    }
}
